// Jest Snapshot v1, https://goo.gl/fbAQLP

exports[`error case 1`] = `
[Error: << ERROR 500 GET https://error.com
{
  "err": "error happened"
}]
`;

exports[`error case 2`] = `
Object {
  "body": Object {
    "err": "error happened",
  },
  "statusCode": 500,
}
`;
