// Jest Snapshot v1, https://goo.gl/fbAQLP

exports[`xmlsplit 1`] = `
Array [
  Object {
    "key": "x",
    "xml": "<a><b c=\\"x\\">X</b></a>",
  },
  Object {
    "key": "y",
    "xml": "<a><b c=\\"y\\">Y</b><b c=\\"yy\\">YY</b></a>",
  },
]
`;
