// Jest Snapshot v1, https://goo.gl/fbAQLP

exports[`backend error 1`] = `
[HTTPError: 400 GET http://a.com/backendErr?q=1
JoiValidationError: [
  {
    "id": 0
  },
  {
    "id": 1
  },
  {
    "id": 2
  },
  {
    "id": 3
  },
  {
    "id": 4
  },
  {
    "id": 5
  },
  {
    "id": 6
  },
  {
    "id": 7
  },
  {
    "id": 8
  },
  {
    "id": 9
  },
  {
    "id": 10
  },
  {
    "id": 11
  },
  {
    "id": 12
  },
  {
    "id": 13
  },
  {
    "id": 14
  },
  {
    "id": 15
  },
  {
    "id": 16
  },
  {
    "id": 17
  },
  {
    "id": 18
  },
  {
    "id": 19
  },
  {
    "id": 20
  },
  {
    "id": 21
  },
  {
    "id": 22
  },
  {
    "id": 23
  },
  {
    "id": 24
  },
  {
    "id": 25
  },
  {
    "id": 26
  },
  {
    "id": 27
  },
  {
    "id": 28
  },
  {
    "id": 29
  },
  {
    "id": 30
  },
  {
    "id": 31
  },
  {
    "id": 32
  },
  {
    "id": 33
  },
  {
    "id": 34
  },
  {
    "id": 35
  },
  {
    "id": 36
  },
  {
    "id": 37
  },
  {
    "id": 38
  },
  {
    "id": 39
  },
  {
    "id": 40
  },
  {
    "id": 41
  },
  {
    "id": 42
  },
  {
    "id": 43
  },
  {
    "id": 44
  },
  {
    "id": 45
  },
  {
    "id": 46
  },
  {
    "id": 47
  },
  {
    "id": 48
  },
  {
    "id": 49
  },
  {
    "id": 50
  },
  {
    "id": 51
  },
  {
    "id": 52
  },
  {
    "id": 53
  },
  {
    "id": 54
  },
  {
    "id": 55
  },
  {
    "id": 56
  },
  {
    "id": 57
  },
  {
    "id": 58
  },
  {
    "id": 59
  },
  {
    "id": 60
  },
  {
    "id": 61
  },
  {
    "id": 62
  },
  {
    "id": 63
  },
  {
    "id": 64
  },
  {
    "id": 65
  },
  {
    "id": 66
  },
  {
    "id": 67
  },
  {
    "id": 68
  },
  {
    "id": 69
  },
  {
    "id": 70
  },
  {
    "id": 71
  },
  {
    "id": 72
  },
  {
    "id": 73
  },
  {
    "id": 74
  },
  {
    "id": 75
  },
  {
    "id": 76
  },
  {
    "id": 77
  },
  {
    "id": 78
  },
  {
    "id": 79
  },
  {
    "id": 80
  },
  {
    "id": 81
  },
  {
    "id": 82
  },
  {
    "id": 83
  },
  {
    "id": 84
  },
  {
    "id": 85
  },
  {
    "id": 86
  },
  {
    "id": 87
  },
  {
    "id": 88
  },
  {
    "id": 89
  },
  {
    "id": 90
  },
  {
  
... 3 KB message truncated
"[99].id" must be less than or equal to 98 @ .99.id]
`;

exports[`gotErrorHook 1`] = `
"422 GET http://a.com/err?q=1
{
  message: 'Reference already exists',
  documentation_url: 'https://developer.github.com/v3/git/refs/#create-a-reference'
}"
`;

exports[`logWithPrefixUrl=false 1`] = `
"422 GET err?q=1
{
  message: 'Reference already exists',
  documentation_url: 'https://developer.github.com/v3/git/refs/#create-a-reference'
}"
`;

exports[`logWithSearchParams=false 1`] = `
"422 GET http://a.com/err
{
  message: 'Reference already exists',
  documentation_url: 'https://developer.github.com/v3/git/refs/#create-a-reference'
}"
`;
