// Jest Snapshot v1, https://goo.gl/fbAQLP

exports[`transformToCSV 1`] = `
"id1,1,
id2,2,1
id3,3,
id4,4,1
id5,5,
id6,6,1
id7,7,
id8,8,1
id9,9,
id10,10,1
"
`;
